
[1m[46m RUN [49m[22m [36mv4.0.16 [39m[90mC:/Users/kazen/OneDrive/繝・せ繧ｯ繝医ャ繝・ai_gogleanti[39m

 [31m笶ｯ[39m src/aaa/aaa_composables/__tests__/aaa_DataConversionMapper.spec.ts [2m([22m[2m7 tests[22m[2m | [22m[31m1 failed[39m[2m)[22m[32m 7[2mms[22m[39m
     [32m笨・[39m Should handle valid full data[32m 1[2mms[22m[39m
     [32m笨・[39m Should handle null/undefined input[32m 0[2mms[22m[39m
     [32m笨・[39m Should handle empty/partial object[32m 0[2mms[22m[39m
     [32m笨・[39m Should handle wrong types (Fuzzing)[32m 0[2mms[22m[39m
     [32m笨・[39m Should handle dangerous strings (XSS/Injection Sim)[32m 0[2mms[22m[39m
     [32m笨・[39m Should handle extreme numbers[32m 0[2mms[22m[39m
[31m     [31mﾃ・[31m Should handle negative numbers[39m[32m 4[2mms[22m[39m
node.exe : 
発生場所 行:1 文字:1
+ & "C:\Program Files\nodejs
/node.exe" "C:\Program Files
\nodejs/node_mo ...
+ ~~~~~~~~~~~~~~~~~~~~~~~~~~
~~~~~~~~~~~~~~~~~~~~~~~~~~~~
~~~~~~~~~~~~~~~
    + CategoryInfo          
    : NotSpecified: (:Stri  
  ng) [], RemoteException
    + FullyQualifiedErrorId 
    : NativeCommandError
 
[31m竡ｯ竡ｯ竡ｯ竡ｯ竡ｯ竡ｯ竡ｯ[39m[1m
[41m Failed Tests 1 [49m[
22m[31m竡ｯ竡ｯ竡ｯ竡ｯ竡ｯ竡ｯ竡ｯ[39m

[41m[1m FAIL [22m[49m sr
c/aaa/aaa_composables/__test
s__/aaa_DataConversionMapper
.spec.ts[2m > [22maaa_Data
ConversionMapper (Ironclad F
uzzing)[2m > [22mShould ha
ndle negative numbers
[31m[1mAssertionError[22m
: expected 'NaN undefined' t
o be '0 Bytes' // Object.is 
equality[39m

Expected: [32m"0 Bytes"[39
m
Received: [31m"NaN undefine
d"[39m

[36m [2m笶ｯ[22m src/aaa/aa
a_composables/__tests__/aaa_
DataConversionMapper.spec.ts
:[2m86:33[22m[39m
    [90m 84| [39m        }
[33m;[39m
    [90m 85| [39m        
[35mconst[39m output [33m=
[39m [34mmapConversionLogA
piToUi[39m(input)[33m;[39
m
    [90m 86| [39m        
[34mexpect[39m(output[33m.
[39mfileSize)[33m.[39m[3
4mtoBe[39m([32m'0 Bytes'[
39m)[33m;[39m
    [90m   | [39m         
                       [31m
^[39m
    [90m 87| [39m    })[3
3m;[39m
    [90m 88| [39m})[33m;
[39m

[31m[2m竡ｯ竡ｯ竡ｯ竡ｯ竡ｯ竡ｯ竡ｯ竡ｯ竡ｯ竡
ｯ竡ｯ竡ｯ竡ｯ竡ｯ竡ｯ竡ｯ竡ｯ竡ｯ竡ｯ竡ｯ竡ｯ竡ｯ竡ｯ竡
ｯ[1/1]竡ｯ[22m[39m


[2m Test Files [22m [1m[31m1 failed[39m[22m[90m (1)[39m
[2m      Tests [22m [1m[31m1 failed[39m[22m[2m | [22m[1m[32m6 passed[39m[22m[90m (7)[39m
[2m   Start at [22m 17:10:43
[2m   Duration [22m 321ms[2m (transform 31ms, setup 0ms, import 41ms, tests 7ms, environment 0ms)[22m

